// Jest Snapshot v1, https://goo.gl/fbAQLP

exports[`Son las pruebas del componente <CounterApp/> Debe de hacer el match con el Snapshot 1`] = `
<Fragment>
  <h1>
     Counter App 
  </h1>
  <h2>
    2
  </h2>
  <button
    onClick={[Function]}
  >
     +1 
  </button>
  <button
    onClick={[Function]}
  >
     -1 
  </button>
  <button
    onClick={[Function]}
  >
     RESET 
  </button>
</Fragment>
`;
